A51 MACRO ASSEMBLER  EC301                                                                04/22/2024 20:13:22 PAGE     1


MACRO ASSEMBLER A51 V8.00b
OBJECT MODULE PLACED IN ec301.OBJ
ASSEMBLER INVOKED BY: C:\Keil\C51\BIN\A51.EXE ec301.asm SET(SMALL) DEBUG EP

LOC  OBJ            LINE     SOURCE

0000                   1     org 0000h
0000 7820              2     mov r0,#20h
0002 7930              3     mov r1,#30h
0004 7A05              4     mov r2,#05h
0006 E6                5     back:mov a,@r0
0007 F7                6          mov@r1,a
0008 08                7              inc r0
0009 09                8              inc r1
000A DAFA              9              djnz r2,back
                      10              end
A51 MACRO ASSEMBLER  EC301                                                                04/22/2024 20:13:22 PAGE     2

SYMBOL TABLE LISTING
------ ----- -------


N A M E             T Y P E  V A L U E   ATTRIBUTES

BACK . . . . . . .  C ADDR   0006H   A   


REGISTER BANK(S) USED: 0 


ASSEMBLY COMPLETE.  0 WARNING(S), 0 ERROR(S)
